\BOOKMARK [1][-]{section.1}{Descriptive Statistics}{}% 1
\BOOKMARK [1][-]{section.2}{Exponentials and Logs}{}% 2
\BOOKMARK [1][-]{section.3}{Sequences and Series}{}% 3
\BOOKMARK [1][-]{section.4}{Combinatorics}{}% 4
